LADDER-BASE-SHA: 494fb3e3e7c6903fd94096332a89e4e6109a1a6f
PATCH[-0.50]-APPLY-RC:0 sha=1b0389f1ff117846259f47b850b0112b99bfb2ae96b868cd612694bada45c372
BUILD[-0.50]-RC:0
LADDER-LEG[eps-0.50 seed1]-RC:0
LADDER-LEG[eps-0.50 seed2]-RC:0
LADDER-LEG[eps-0.50 seed3]-RC:0
LADDER-LEG[eps-0.50 seed4]-RC:0
LADDER-LEG[eps-0.50 seed5]-RC:0
LADDER-LEG[eps-0.50 seed6]-RC:0
LADDER-LEG[eps-0.50 seed7]-RC:0
LADDER-LEG[eps-0.50 seed8]-RC:0
LADDER-LEG[eps-0.50 seed9]-RC:0
LADDER-LEG[eps-0.50 seed10]-RC:0
LADDER-LEG[eps-0.50 seed11]-RC:0
LADDER-LEG[eps-0.50 seed12]-RC:0
PATCH[-0.10]-APPLY-RC:0 sha=8e3df8e66f7ab5850fac15ce97a109159963683c74526509051cb8661892895e
BUILD[-0.10]-RC:0
LADDER-LEG[eps-0.10 seed1]-RC:0
LADDER-LEG[eps-0.10 seed2]-RC:0
LADDER-LEG[eps-0.10 seed3]-RC:0
LADDER-LEG[eps-0.10 seed4]-RC:0
LADDER-LEG[eps-0.10 seed5]-RC:0
LADDER-LEG[eps-0.10 seed6]-RC:0
LADDER-LEG[eps-0.10 seed7]-RC:0
LADDER-LEG[eps-0.10 seed8]-RC:0
LADDER-LEG[eps-0.10 seed9]-RC:0
LADDER-LEG[eps-0.10 seed10]-RC:0
LADDER-LEG[eps-0.10 seed11]-RC:0
LADDER-LEG[eps-0.10 seed12]-RC:0
PATCH[0.50]-APPLY-RC:0 sha=30abfc1cf4d81be321de45d600e0741bb8a00169f34253fa3009e2ade55d2e98
BUILD[0.50]-RC:0
LADDER-LEG[eps0.50 seed1]-RC:0
LADDER-LEG[eps0.50 seed2]-RC:0
LADDER-LEG[eps0.50 seed3]-RC:0
LADDER-LEG[eps0.50 seed4]-RC:0
LADDER-LEG[eps0.50 seed5]-RC:0
LADDER-LEG[eps0.50 seed6]-RC:0
LADDER-LEG[eps0.50 seed7]-RC:0
LADDER-LEG[eps0.50 seed8]-RC:0
LADDER-LEG[eps0.50 seed9]-RC:0
LADDER-LEG[eps0.50 seed10]-RC:0
LADDER-LEG[eps0.50 seed11]-RC:0
LADDER-LEG[eps0.50 seed12]-RC:0
LADDER-DONE
